PROMPT60_CLEANROOM_AUDIT
indexing=zero-based
residue_order=ascending; tuple_order=lexicographic; pivot_order=ascending
D2_speeds=(1,2,3,60)
D2_structure=positive:True,injective:True,primitive:True,N_divisible:(3),deletion_gcds:(1,1,1,1)
D2_deletion_cert_counts=(48,30,48,6)
D2_deletion_lift_counts=(18,0,6,0)
D2_first_deletion_certs=((1, 1, (1, 2, 3, 4), 5, 8, False), (3, 101, (101, 38, 63, 60), 190, 240, False), (1, 3, (3, 2, 1, 4), 5, 8, False), (0, 1, (1, 2, 1, 0), 0, 4, False))
D2_first_deletion_lifts=((3, 49, (49, 98, 93, 60), 245, 240, True), None, (3, 61, (61, 118, 57, 60), 285, 240, True), None)
D2_pivot=0,speed=1,R=3,G=0,D1=4,D2=1,D3=0,H2=0,lower_D2=-1,lower_D3=0,Gset=()
D2_pivot=1,speed=2,R=6,G=0,D1=6,D2=0,D3=0,H2=0,lower_D2=0,lower_D3=0,Gset=()
D2_pivot=2,speed=3,R=9,G=0,D1=18,D2=11,D3=2,H2=0,lower_D2=-9,lower_D3=0,Gset=()
D2_pivot=3,speed=60,R=180,G=24,D1=216,D2=84,D3=24,H2=0,lower_D2=-36,lower_D3=24,Gset=(49,50,51,53,54,55,57,58,59,61,62,63,177,178,179,181,182,183,185,186,187,189,190,191)
D3_speeds=(1,3,4,5,18)
D3_structure=positive:True,injective:True,primitive:True,N_divisible:(4),deletion_gcds:(1,1,1,1,1)
D3_deletion_cert_counts=(26,18,22,22,4)
D3_deletion_lift_counts=(0,0,2,2,0)
D3_first_deletion_certs=((1, 1, (1, 3, 4, 5, 3), 6, 15, False), (2, 6, (6, 2, 4, 10, 8), 12, 20, False), (1, 4, (4, 3, 1, 5, 3), 6, 15, False), (0, 1, (1, 2, 1, 0, 2), 0, 5, False), (2, 9, (9, 7, 4, 5, 2), 12, 20, False))
D3_first_deletion_lifts=(None, None, (4, 41, (41, 33, 16, 25, 18), 96, 90, True), (4, 39, (39, 27, 24, 15, 18), 90, 90, True), None)
D3_pivot=0,speed=1,R=4,G=0,D1=4,D2=0,D3=0,H2=0,lower_D2=0,lower_D3=0,Gset=()
D3_pivot=1,speed=3,R=12,G=0,D1=12,D2=0,D3=0,H2=0,lower_D2=0,lower_D3=0,Gset=()
D3_pivot=2,speed=4,R=16,G=0,D1=20,D2=6,D3=2,H2=0,lower_D2=-4,lower_D3=0,Gset=()
D3_pivot=3,speed=5,R=20,G=0,D1=32,D2=16,D3=4,H2=0,lower_D2=-12,lower_D3=0,Gset=()
D3_pivot=4,speed=18,R=72,G=4,D1=92,D2=38,D3=18,H2=0,lower_D2=-20,lower_D3=0,Gset=(39,41,49,51)
RAW_speeds=(1,3,4,7)
RAW_structure=positive:True,injective:True,primitive:True,N_divisible:(),deletion_gcds:(1,1,1,1)
RAW_deletion_cert_counts=(8,8,11,4)
RAW_deletion_lift_counts=(0,0,0,0)
RAW_first_deletion_certs=((1, 1, (1, 3, 4, 5), 5, 12, False), (2, 6, (6, 2, 8, 6), 10, 16, False), (0, 1, (1, 1, 0, 1), 0, 4, False), (1, 5, (5, 3, 4, 1), 5, 12, False))
RAW_first_deletion_lifts=(None, None, None, None)
RAW_pivot=0,speed=1,R=3,G=0,D1=3,D2=0,D3=0,H2=0,lower_D2=0,lower_D3=0,Gset=()
RAW_pivot=1,speed=3,R=9,G=0,D1=11,D2=2,D3=0,H2=0,lower_D2=-2,lower_D3=0,Gset=()
RAW_pivot=2,speed=4,R=12,G=0,D1=18,D2=6,D3=0,H2=0,lower_D2=-6,lower_D3=0,Gset=()
RAW_pivot=3,speed=7,R=21,G=0,D1=25,D2=6,D3=2,H2=0,lower_D2=-4,lower_D3=0,Gset=()
D2_first_exact_lift=(3, 49, (49, 98, 93, 60), 245, 240, True)
D3_closed_shell_boundary_lifts=((39, 3, 15), (51, 3, 15))
RAW_direct_time=1/5,numerators=(1,2,1,2),full=True
PRIME_case=n:3,N:4,p:5,M:20,v:(1,3,4),deletion_gcds:(1,1,1),bad_sizes:(9,9,12),fibers:((1, 9), (1, 9), (4, 12)),Z0:0,Z1:13,P1_rhs:4,safe:none
PRIME_n3_lex_first_failure=(5, (1, 3, 4), 348)
PRIME_n3_verified_supply=((2, 64), (3, 256), (7, 6912), (11, 32000), (13, 55296)),product=6006,exact_threshold=1728,strictly_exceeds=True
P2_signclass_strengthening_counterexample=n:2,N:3,p:3,M:9,v:(1,2),s:2,2s:4,N:3
P2_nonstrict_equality_example=n:7,N:8,p:3,M:24,v:(1,1,1,1,1,1,2),s:2,coarse_bound:24,safe_residues:(3,4,5,6,7,8,9,10,14,15,16,17,18,19,20,21)
CONT_smallest_global_divisibility_cycle_avoidance_order=(n,height,lex),speeds:(1,2,4),N:4,divisible_index:2,cycle:(0, 1),etas:(1/3,1/3,1/3)
CONT_speeds=(1,3,4,7),N=5,N_divisible=(),etas=(3/16,5/28,1/7,1/12),threshold=1/5,graph={0: (2,), 1: (3,), 2: (3,), 3: (1,)},cycle=(1, 3)
CONT_K=0,eta=3/16,maximizers=(3/16,13/16),active={3/16:(2),13/16:(2)},canonical_count=8,maximizers_canonical=(3/16,13/16)
CONT_K=1,eta=5/28,maximizers=(11/28,17/28),active={11/28:(3),17/28:(3)},canonical_count=8,maximizers_canonical=(11/28,17/28)
CONT_K=2,eta=1/7,maximizers=(13/28,15/28),active={13/28:(3),15/28:(3)},canonical_count=5,maximizers_canonical=(13/28,15/28)
CONT_K=3,eta=1/12,maximizers=(5/12,7/12),active={5/12:(1),7/12:(1)},canonical_count=4,maximizers_canonical=(5/12,7/12)
CONT_speeds=(1,2,3,60),N=5,N_divisible=(3),etas=(59/240,19/120,19/80,0),threshold=1/5,graph={0: (3,), 1: (3,), 2: (3,), 3: (0, 2)},cycle=(0, 3)
CONT_K=0,eta=59/240,maximizers=(59/240,181/240),active={59/240:(3),181/240:(3)},canonical_count=46,maximizers_canonical=(59/240,181/240)
CONT_K=1,eta=19/120,maximizers=(101/240,139/240),active={101/240:(3),139/240:(3)},canonical_count=30,maximizers_canonical=(101/240,139/240)
CONT_K=2,eta=19/80,maximizers=(61/240,179/240),active={61/240:(3),179/240:(3)},canonical_count=46,maximizers_canonical=(61/240,179/240)
CONT_K=3,eta=0,maximizers=(1/4,3/4),active={1/4:(0,2),3/4:(0,2)},canonical_count=2,maximizers_canonical=(1/4,3/4)
CONT_cycle_avoiding_divisible_index=3,speed=60,cycle=None
CONT_speeds=(1,3,4,5,18),N=6,N_divisible=(4),etas=(7/45,1/10,8/45,1/6,1/10),threshold=1/6,graph={0: (4,), 1: (2,), 2: (4,), 3: (4,), 4: (2,)},cycle=(2, 4)
CONT_K=0,eta=7/45,maximizers=(7/45,38/45),active={7/45:(4),38/45:(4)},canonical_count=20,maximizers_canonical=(7/45,38/45)
CONT_K=1,eta=1/10,maximizers=(3/10,7/10),active={3/10:(2),7/10:(2)},canonical_count=16,maximizers_canonical=(3/10,7/10)
CONT_K=2,eta=8/45,maximizers=(41/90,49/90),active={41/90:(4),49/90:(4)},canonical_count=18,maximizers_canonical=(41/90,49/90)
CONT_K=3,eta=1/6,maximizers=(13/30,17/30),active={13/30:(4),17/30:(4)},canonical_count=10,maximizers_canonical=(13/30,17/30)
CONT_K=4,eta=1/10,maximizers=(9/20,11/20),active={9/20:(2),11/20:(2)},canonical_count=4,maximizers_canonical=(9/20,11/20)
CONT_cycle_avoiding_divisible_index=4,speed=18,cycle=None
CONT_speeds=(1,2,4),N=4,N_divisible=(2),etas=(1/3,1/3,1/3),threshold=1/4,graph={0: (1, 2), 1: (0, 2), 2: (0, 1)},cycle=(0, 1)
CONT_K=0,eta=1/3,maximizers=(1/3,2/3),active={1/3:(1,2),2/3:(1,2)},canonical_count=4,maximizers_canonical=(1/3,2/3)
CONT_K=1,eta=1/3,maximizers=(1/3,2/3),active={1/3:(0,2),2/3:(0,2)},canonical_count=4,maximizers_canonical=(1/3,2/3)
CONT_K=2,eta=1/3,maximizers=(1/3,2/3),active={1/3:(0,1),2/3:(0,1)},canonical_count=2,maximizers_canonical=(1/3,2/3)
CONT_cycle_avoiding_divisible_index=2,speed=4,cycle=(0, 1)
CONT_avoiding_cycle_edge_times=((0, 1, '1/3'), (1, 0, '1/3'))
CONT_speeds=(1,2,6,8,10),N=6,N_divisible=(2),etas=(7/25,9/20,7/20,6/25,1/4),threshold=1/6,graph={0: (4,), 1: (3,), 2: (3,), 3: (4,), 4: (3,)},cycle=(3, 4)
CONT_K=0,eta=7/25,maximizers=(7/25,18/25),active={7/25:(4),18/25:(4)},canonical_count=8,maximizers_canonical=(7/25,18/25)
CONT_K=1,eta=9/20,maximizers=(9/40,11/40,29/40,31/40),active={9/40:(3),11/40:(3),29/40:(3),31/40:(3)},canonical_count=22,maximizers_canonical=(9/40,11/40,29/40,31/40)
CONT_K=2,eta=7/20,maximizers=(9/40,11/40,29/40,31/40),active={9/40:(3),11/40:(3),29/40:(3),31/40:(3)},canonical_count=16,maximizers_canonical=(9/40,11/40,29/40,31/40)
CONT_K=3,eta=6/25,maximizers=(11/50,7/25,18/25,39/50),active={11/50:(4),7/25:(4),18/25:(4),39/50:(4)},canonical_count=16,maximizers_canonical=(11/50,7/25,18/25,39/50)
CONT_K=4,eta=1/4,maximizers=(9/40,11/40,29/40,31/40),active={9/40:(3),11/40:(3),29/40:(3),31/40:(3)},canonical_count=10,maximizers_canonical=(9/40,11/40,29/40,31/40)
CONT_cycle_avoiding_divisible_index=2,speed=6,cycle=(3, 4)
CONT_avoiding_cycle_edge_times=((3, 4, '11/50'), (4, 3, '9/40'))
CONT_speeds=(1,2),N=3,N_divisible=(),etas=(1/4,0),threshold=1/3,graph={0: (1,), 1: (0,)},cycle=(0, 1)
CONT_K=0,eta=1/4,maximizers=(1/4,3/4),active={1/4:(1),3/4:(1)},canonical_count=2,maximizers_canonical=(1/4,3/4)
CONT_K=1,eta=0,maximizers=(1/2),active={1/2:(0)},canonical_count=1,maximizers_canonical=(1/2)
CONT_speeds=(1,2,3),N=4,N_divisible=(),etas=(2/9,1/9,0),threshold=1/4,graph={0: (2,), 1: (2,), 2: (0, 1)},cycle=(0, 2)
CONT_K=0,eta=2/9,maximizers=(2/9,7/9),active={2/9:(2),7/9:(2)},canonical_count=4,maximizers_canonical=(2/9,7/9)
CONT_K=1,eta=1/9,maximizers=(4/9,5/9),active={4/9:(2),5/9:(2)},canonical_count=2,maximizers_canonical=(4/9,5/9)
CONT_K=2,eta=0,maximizers=(1/3,2/3),active={1/3:(0,1),2/3:(0,1)},canonical_count=2,maximizers_canonical=(1/3,2/3)
CONT_speeds=(1,2,3,4),N=5,N_divisible=(),etas=(3/16,1/6,1/8,0),threshold=1/5,graph={0: (3,), 1: (2,), 2: (1,), 3: (0, 2)},cycle=(0, 3)
CONT_K=0,eta=3/16,maximizers=(3/16,13/16),active={3/16:(3),13/16:(3)},canonical_count=6,maximizers_canonical=(3/16,13/16)
CONT_K=1,eta=1/6,maximizers=(5/12,7/12),active={5/12:(2),7/12:(2)},canonical_count=4,maximizers_canonical=(5/12,7/12)
CONT_K=2,eta=1/8,maximizers=(3/8,5/8),active={3/8:(1),5/8:(1)},canonical_count=4,maximizers_canonical=(3/8,5/8)
CONT_K=3,eta=0,maximizers=(1/4,3/4),active={1/4:(0,2),3/4:(0,2)},canonical_count=2,maximizers_canonical=(1/4,3/4)
CONT_speeds=(1,2,3,4,5),N=6,N_divisible=(),etas=(4/25,3/25,1/10,1/15,0),threshold=1/6,graph={0: (4,), 1: (4,), 2: (3,), 3: (2,), 4: (0, 1, 2, 3)},cycle=(0, 4)
CONT_K=0,eta=4/25,maximizers=(4/25,21/25),active={4/25:(4),21/25:(4)},canonical_count=10,maximizers_canonical=(4/25,21/25)
CONT_K=1,eta=3/25,maximizers=(11/25,14/25),active={11/25:(4),14/25:(4)},canonical_count=4,maximizers_canonical=(11/25,14/25)
CONT_K=2,eta=1/10,maximizers=(3/10,7/10),active={3/10:(3),7/10:(3)},canonical_count=8,maximizers_canonical=(3/10,7/10)
CONT_K=3,eta=1/15,maximizers=(4/15,11/15),active={4/15:(2),11/15:(2)},canonical_count=4,maximizers_canonical=(4/15,11/15)
CONT_K=4,eta=0,maximizers=(1/5,2/5,3/5,4/5),active={1/5:(0,3),2/5:(1,2),3/5:(1,2),4/5:(0,3)},canonical_count=4,maximizers_canonical=(1/5,2/5,3/5,4/5)
CONT_speeds=(1,2,3,4,5,6),N=7,N_divisible=(),etas=(5/36,2/15,1/8,1/9,1/12,0),threshold=1/7,graph={0: (5,), 1: (4,), 2: (3,), 3: (2,), 4: (1,), 5: (0, 4)},cycle=(0, 5)
CONT_K=0,eta=5/36,maximizers=(5/36,31/36),active={5/36:(5),31/36:(5)},canonical_count=12,maximizers_canonical=(5/36,31/36)
CONT_K=1,eta=2/15,maximizers=(13/30,17/30),active={13/30:(4),17/30:(4)},canonical_count=6,maximizers_canonical=(13/30,17/30)
CONT_K=2,eta=1/8,maximizers=(7/24,17/24),active={7/24:(3),17/24:(3)},canonical_count=10,maximizers_canonical=(7/24,17/24)
CONT_K=3,eta=1/9,maximizers=(5/18,13/18),active={5/18:(2),13/18:(2)},canonical_count=8,maximizers_canonical=(5/18,13/18)
CONT_K=4,eta=1/12,maximizers=(5/12,7/12),active={5/12:(1),7/12:(1)},canonical_count=8,maximizers_canonical=(5/12,7/12)
CONT_K=5,eta=0,maximizers=(1/6,5/6),active={1/6:(0,4),5/6:(0,4)},canonical_count=2,maximizers_canonical=(1/6,5/6)
CONT_speeds=(1,2,3,4,5,6,7),N=8,N_divisible=(),etas=(6/49,5/49,4/35,3/35,2/21,1/35,0),threshold=1/8,graph={0: (6,), 1: (6,), 2: (4,), 3: (4,), 4: (2,), 5: (4,), 6: (0, 1, 2, 3, 4, 5)},cycle=(0, 6)
CONT_K=0,eta=6/49,maximizers=(6/49,43/49),active={6/49:(6),43/49:(6)},canonical_count=18,maximizers_canonical=(6/49,43/49)
CONT_K=1,eta=5/49,maximizers=(22/49,27/49),active={22/49:(6),27/49:(6)},canonical_count=8,maximizers_canonical=(22/49,27/49)
CONT_K=2,eta=4/35,maximizers=(13/35,22/35),active={13/35:(4),22/35:(4)},canonical_count=10,maximizers_canonical=(13/35,22/35)
CONT_K=3,eta=3/35,maximizers=(8/35,27/35),active={8/35:(4),27/35:(4)},canonical_count=12,maximizers_canonical=(8/35,27/35)
CONT_K=4,eta=2/21,maximizers=(8/21,13/21),active={8/21:(2),13/21:(2)},canonical_count=16,maximizers_canonical=(8/21,13/21)
CONT_K=5,eta=1/35,maximizers=(6/35,29/35),active={6/35:(4),29/35:(4)},canonical_count=4,maximizers_canonical=(6/35,29/35)
CONT_K=6,eta=0,maximizers=(1/7,2/7,3/7,4/7,5/7,6/7),active={1/7:(0,5),2/7:(2,3),3/7:(1,4),4/7:(1,4),5/7:(2,3),6/7:(0,5)},canonical_count=6,maximizers_canonical=(1/7,2/7,3/7,4/7,5/7,6/7)
CONT_speeds=(1,2,3,4,5,6,7,8),N=9,N_divisible=(),etas=(7/64,3/28,5/56,1/10,3/32,1/20,1/16,0),threshold=1/9,graph={0: (7,), 1: (6,), 2: (6,), 3: (4,), 4: (3,), 5: (4,), 6: (1,), 7: (0, 2, 4, 6)},cycle=(0, 7)
CONT_K=0,eta=7/64,maximizers=(7/64,57/64),active={7/64:(7),57/64:(7)},canonical_count=22,maximizers_canonical=(7/64,57/64)
CONT_K=1,eta=3/28,maximizers=(25/56,31/56),active={25/56:(6),31/56:(6)},canonical_count=12,maximizers_canonical=(25/56,31/56)
CONT_K=2,eta=5/56,maximizers=(17/56,39/56),active={17/56:(6),39/56:(6)},canonical_count=10,maximizers_canonical=(17/56,39/56)
CONT_K=3,eta=1/10,maximizers=(9/40,31/40),active={9/40:(4),31/40:(4)},canonical_count=12,maximizers_canonical=(9/40,31/40)
CONT_K=4,eta=3/32,maximizers=(7/32,25/32),active={7/32:(3),25/32:(3)},canonical_count=22,maximizers_canonical=(7/32,25/32)
CONT_K=5,eta=1/20,maximizers=(7/40,33/40),active={7/40:(4),33/40:(4)},canonical_count=8,maximizers_canonical=(7/40,33/40)
CONT_K=6,eta=1/16,maximizers=(7/16,9/16),active={7/16:(1),9/16:(1)},canonical_count=12,maximizers_canonical=(7/16,9/16)
CONT_K=7,eta=0,maximizers=(1/8,3/8,5/8,7/8),active={1/8:(0,6),3/8:(2,4),5/8:(2,4),7/8:(0,6)},canonical_count=4,maximizers_canonical=(1/8,3/8,5/8,7/8)
CONT_speeds=(15,21,40,48,56,105,126,280,1200),N=10,N_divisible=(2,7,8),etas=(359/720,13/27,67/135,1/2,1/2,1/2,1/2,1/2,1/2),threshold=1/10,graph={0: (8,), 1: (6,), 2: (8,), 3: (), 4: (), 5: (), 6: (), 7: (), 8: ()},cycle=None
CONT_K=0,eta=359/720,maximizers=(359/10800,361/10800,3959/10800,3961/10800,6839/10800,6841/10800,10439/10800,10441/10800),active={359/10800:(8),361/10800:(8),3959/10800:(8),3961/10800:(8),6839/10800:(8),6841/10800:(8),10439/10800:(8),10441/10800:(8)},canonical_count=1996,maximizers_canonical=(359/10800,361/10800,3959/10800,3961/10800,6839/10800,6841/10800,10439/10800,10441/10800)
CONT_K=1,eta=13/27,maximizers=(25/81,56/81),active={25/81:(6),56/81:(6)},canonical_count=2046,maximizers_canonical=(25/81,56/81)
CONT_K=2,eta=67/135,maximizers=(67/5400,17/1350,607/5400,76/675,523/1350,2093/5400,329/675,2633/5400,2767/5400,346/675,3307/5400,827/1350,599/675,4793/5400,1333/1350,5333/5400),active={67/5400:(8),17/1350:(8),607/5400:(8),76/675:(8),523/1350:(8),2093/5400:(8),329/675:(8),2633/5400:(8),2767/5400:(8),346/675:(8),3307/5400:(8),827/1350:(8),599/675:(8),4793/5400:(8),1333/1350:(8),5333/5400:(8)},canonical_count=2042,maximizers_canonical=(67/5400,17/1350,607/5400,76/675,523/1350,2093/5400,329/675,2633/5400,2767/5400,346/675,3307/5400,827/1350,599/675,4793/5400,1333/1350,5333/5400)
CONT_K=3,eta=1/2,maximizers=(5/32,27/32),active={5/32:(),27/32:()},canonical_count=1974,maximizers_canonical=()
CONT_K=4,eta=1/2,maximizers=(9/112,13/112,19/112,29/112,41/112,51/112,55/112,57/112,61/112,71/112,83/112,93/112,99/112,103/112),active={9/112:(),13/112:(),19/112:(),29/112:(),41/112:(),51/112:(),55/112:(),57/112:(),61/112:(),71/112:(),83/112:(),93/112:(),99/112:(),103/112:()},canonical_count=2006,maximizers_canonical=()
CONT_K=5,eta=1/2,maximizers=(17/210,23/210,67/210,103/210,107/210,143/210,187/210,193/210),active={17/210:(),23/210:(),67/210:(),103/210:(),107/210:(),143/210:(),187/210:(),193/210:()},canonical_count=2060,maximizers_canonical=(17/210,23/210,67/210,103/210,107/210,143/210,187/210,193/210)
CONT_K=6,eta=1/2,maximizers=(1/84,13/84,29/84,31/84,37/84,41/84,43/84,47/84,53/84,55/84,71/84,83/84),active={1/84:(),13/84:(),29/84:(),31/84:(),37/84:(),41/84:(),43/84:(),47/84:(),53/84:(),55/84:(),71/84:(),83/84:()},canonical_count=1978,maximizers_canonical=(1/84,13/84,29/84,31/84,37/84,41/84,43/84,47/84,53/84,55/84,71/84,83/84)
CONT_K=7,eta=1/2,maximizers=(17/560,33/560,9/112,13/112,87/560,19/112,103/560,137/560,143/560,29/112,157/560,177/560,193/560,41/112,207/560,243/560,247/560,51/112,55/112,57/112,61/112,313/560,317/560,353/560,71/112,367/560,383/560,403/560,83/112,417/560,423/560,457/560,93/112,473/560,99/112,103/112,527/560,543/560),active={17/560:(),33/560:(),9/112:(),13/112:(),87/560:(),19/112:(),103/560:(),137/560:(),143/560:(),29/112:(),157/560:(),177/560:(),193/560:(),41/112:(),207/560:(),243/560:(),247/560:(),51/112:(),55/112:(),57/112:(),61/112:(),313/560:(),317/560:(),353/560:(),71/112:(),367/560:(),383/560:(),403/560:(),83/112:(),417/560:(),423/560:(),457/560:(),93/112:(),473/560:(),99/112:(),103/112:(),527/560:(),543/560:()},canonical_count=1674,maximizers_canonical=()
CONT_K=8,eta=1/2,maximizers=(9/800,29/2400,31/2400,11/800,73/2400,79/2400,47/800,187/2400,193/2400,263/2400,269/2400,271/2400,277/2400,93/800,281/2400,289/2400,293/2400,371/2400,373/2400,5/32,131/800,407/2400,147/800,443/2400,169/800,509/2400,521/2400,529/2400,39/160,587/2400,607/2400,613/2400,207/800,671/2400,673/2400,713/2400,49/160,739/2400,757/2400,253/800,51/160,827/2400,829/2400,833/2400,863/2400,291/800,293/800,881/2400,59/160,887/2400,309/800,929/2400,931/2400,979/2400,331/800,1013/2400,1043/2400,1057/2400,353/800,1061/2400,1091/2400,1093/2400,1169/2400,1171/2400,391/800,1177/2400,79/160,1193/2400,1207/2400,81/160,1223/2400,409/800,1229/2400,1231/2400,1307/2400,1309/2400,1339/2400,447/800,1343/2400,1357/2400,1387/2400,469/800,1421/2400,1469/2400,1471/2400,491/800,1513/2400,101/160,1519/2400,507/800,509/800,1537/2400,1567/2400,1571/2400,1573/2400,109/160,547/800,1643/2400,1661/2400,111/160,1687/2400,1727/2400,1729/2400,593/800,1787/2400,1793/2400,1813/2400,121/160,1871/2400,1879/2400,1891/2400,631/800,1957/2400,653/800,1993/2400,669/800,27/32,2027/2400,2029/2400,2107/2400,2111/2400,2119/2400,707/800,2123/2400,2129/2400,2131/2400,2137/2400,2207/2400,2213/2400,753/800,2321/2400,2327/2400,789/800,2369/2400,2371/2400,791/800),active={9/800:(),29/2400:(),31/2400:(),11/800:(),73/2400:(),79/2400:(),47/800:(),187/2400:(),193/2400:(),263/2400:(),269/2400:(),271/2400:(),277/2400:(),93/800:(),281/2400:(),289/2400:(),293/2400:(),371/2400:(),373/2400:(),5/32:(),131/800:(),407/2400:(),147/800:(),443/2400:(),169/800:(),509/2400:(),521/2400:(),529/2400:(),39/160:(),587/2400:(),607/2400:(),613/2400:(),207/800:(),671/2400:(),673/2400:(),713/2400:(),49/160:(),739/2400:(),757/2400:(),253/800:(),51/160:(),827/2400:(),829/2400:(),833/2400:(),863/2400:(),291/800:(),293/800:(),881/2400:(),59/160:(),887/2400:(),309/800:(),929/2400:(),931/2400:(),979/2400:(),331/800:(),1013/2400:(),1043/2400:(),1057/2400:(),353/800:(),1061/2400:(),1091/2400:(),1093/2400:(),1169/2400:(),1171/2400:(),391/800:(),1177/2400:(),79/160:(),1193/2400:(),1207/2400:(),81/160:(),1223/2400:(),409/800:(),1229/2400:(),1231/2400:(),1307/2400:(),1309/2400:(),1339/2400:(),447/800:(),1343/2400:(),1357/2400:(),1387/2400:(),469/800:(),1421/2400:(),1469/2400:(),1471/2400:(),491/800:(),1513/2400:(),101/160:(),1519/2400:(),507/800:(),509/800:(),1537/2400:(),1567/2400:(),1571/2400:(),1573/2400:(),109/160:(),547/800:(),1643/2400:(),1661/2400:(),111/160:(),1687/2400:(),1727/2400:(),1729/2400:(),593/800:(),1787/2400:(),1793/2400:(),1813/2400:(),121/160:(),1871/2400:(),1879/2400:(),1891/2400:(),631/800:(),1957/2400:(),653/800:(),1993/2400:(),669/800:(),27/32:(),2027/2400:(),2029/2400:(),2107/2400:(),2111/2400:(),2119/2400:(),707/800:(),2123/2400:(),2129/2400:(),2131/2400:(),2137/2400:(),2207/2400:(),2213/2400:(),753/800:(),2321/2400:(),2327/2400:(),789/800:(),2369/2400:(),2371/2400:(),791/800:()},canonical_count=612,maximizers_canonical=()
CONT_cycle_avoiding_divisible_index=2,speed=40,cycle=None
CONT_cycle_avoiding_divisible_index=7,speed=280,cycle=None
CONT_cycle_avoiding_divisible_index=8,speed=1200,cycle=None
closed_lower_shell_equalities_checked=8
python_version=3.13.5
source_sha256=4de31ba9a75788312dc37f36187db2820668ad5d3c2e4cc9720a3e1f9ac4067b
literal_tables_sha256=d28b4f5477b98c9305399866fcc9d1a281b1b3c86b8a278252760740069dd69b
deterministic_payload_sha256=de67407d215f9b55b7db86d80baf1d8dfc1f3eefa893a7068d86df0e9dddcb27
runtime_seconds=3.073587
