mmap(NULL, 8192, PROT_READ|PROT_WRITE, MAP_PRIVATE|MAP_ANONYMOUS, -1, 0) = 0x738d7b219000
mmap(NULL, 14529, PROT_READ, MAP_PRIVATE|MAP_DENYWRITE, 3, 0) = 0x738d7b215000
mmap(0x738d7b216000, 4096, PROT_READ|PROT_EXEC, MAP_PRIVATE|MAP_FIXED|MAP_DENYWRITE, 3, 0) = 0x738d7b216000
mmap(0x738d7b217000, 4096, PROT_READ|PROT_WRITE, MAP_PRIVATE|MAP_FIXED|MAP_DENYWRITE, 3, 0) = 0x738d7b217000
mmap(0x738d7b218000, 4096, PROT_READ|PROT_WRITE, MAP_PRIVATE|MAP_FIXED|MAP_DENYWRITE, 3, 0) = 0x738d7b218000
mmap(NULL, 14529, PROT_READ, MAP_PRIVATE|MAP_DENYWRITE, 3, 0) = 0x738d7b211000
mmap(0x738d7b212000, 4096, PROT_READ|PROT_EXEC, MAP_PRIVATE|MAP_FIXED|MAP_DENYWRITE, 3, 0) = 0x738d7b212000
mmap(0x738d7b213000, 4096, PROT_READ|PROT_WRITE, MAP_PRIVATE|MAP_FIXED|MAP_DENYWRITE, 3, 0) = 0x738d7b213000
mmap(0x738d7b214000, 4096, PROT_READ|PROT_WRITE, MAP_PRIVATE|MAP_FIXED|MAP_DENYWRITE, 3, 0) = 0x738d7b214000
mmap(NULL, 14529, PROT_READ, MAP_PRIVATE|MAP_DENYWRITE, 3, 0) = 0x738d7b20d000
mmap(0x738d7b20e000, 4096, PROT_READ|PROT_EXEC, MAP_PRIVATE|MAP_FIXED|MAP_DENYWRITE, 3, 0) = 0x738d7b20e000
mmap(0x738d7b20f000, 4096, PROT_READ|PROT_WRITE, MAP_PRIVATE|MAP_FIXED|MAP_DENYWRITE, 3, 0) = 0x738d7b20f000
mmap(0x738d7b210000, 4096, PROT_READ|PROT_WRITE, MAP_PRIVATE|MAP_FIXED|MAP_DENYWRITE, 3, 0) = 0x738d7b210000
mmap(NULL, 159177928, PROT_READ, MAP_PRIVATE|MAP_DENYWRITE, 3, 0) = 0x738d71a00000
mmap(0x738d74cc9000, 102096896, PROT_READ|PROT_EXEC, MAP_PRIVATE|MAP_FIXED|MAP_DENYWRITE, 3, 0x32c8000) = 0x738d74cc9000
mmap(0x738d7ae27000, 3002368, PROT_READ|PROT_WRITE, MAP_PRIVATE|MAP_FIXED|MAP_DENYWRITE, 3, 0x9425000) = 0x738d7ae27000
mmap(0x738d7b104000, 61440, PROT_READ|PROT_WRITE, MAP_PRIVATE|MAP_FIXED|MAP_DENYWRITE, 3, 0x9701000) = 0x738d7b104000
mmap(0x738d7b113000, 765128, PROT_READ|PROT_WRITE, MAP_PRIVATE|MAP_FIXED|MAP_ANONYMOUS, -1, 0) = 0x738d7b113000
mmap(NULL, 66015, PROT_READ, MAP_PRIVATE, 3, 0) = 0x738d7b1fc000
mmap(NULL, 2170256, PROT_READ, MAP_PRIVATE|MAP_DENYWRITE, 3, 0) = 0x738d71600000
mmap(0x738d71628000, 1605632, PROT_READ|PROT_EXEC, MAP_PRIVATE|MAP_FIXED|MAP_DENYWRITE, 3, 0x28000) = 0x738d71628000
mmap(0x738d717b0000, 323584, PROT_READ, MAP_PRIVATE|MAP_FIXED|MAP_DENYWRITE, 3, 0x1b0000) = 0x738d717b0000
mmap(0x738d717ff000, 24576, PROT_READ|PROT_WRITE, MAP_PRIVATE|MAP_FIXED|MAP_DENYWRITE, 3, 0x1fe000) = 0x738d717ff000
mmap(0x738d71805000, 52624, PROT_READ|PROT_WRITE, MAP_PRIVATE|MAP_FIXED|MAP_ANONYMOUS, -1, 0) = 0x738d71805000
mmap(NULL, 8192, PROT_READ|PROT_WRITE, MAP_PRIVATE|MAP_ANONYMOUS, -1, 0) = 0x738d7b1fa000
mmap(NULL, 16400, PROT_READ, MAP_PRIVATE|MAP_DENYWRITE, 3, 0) = 0x738d7b1f5000
mmap(0x738d7b1f6000, 4096, PROT_READ|PROT_EXEC, MAP_PRIVATE|MAP_FIXED|MAP_DENYWRITE, 3, 0x1000) = 0x738d7b1f6000
mmap(0x738d7b1f7000, 4096, PROT_READ, MAP_PRIVATE|MAP_FIXED|MAP_DENYWRITE, 3, 0x2000) = 0x738d7b1f7000
mmap(0x738d7b1f8000, 8192, PROT_READ|PROT_WRITE, MAP_PRIVATE|MAP_FIXED|MAP_DENYWRITE, 3, 0x2000) = 0x738d7b1f8000
mmap(NULL, 16400, PROT_READ, MAP_PRIVATE|MAP_DENYWRITE, 3, 0) = 0x738d7b1f0000
mmap(0x738d7b1f1000, 4096, PROT_READ|PROT_EXEC, MAP_PRIVATE|MAP_FIXED|MAP_DENYWRITE, 3, 0x1000) = 0x738d7b1f1000
mmap(0x738d7b1f2000, 4096, PROT_READ, MAP_PRIVATE|MAP_FIXED|MAP_DENYWRITE, 3, 0x2000) = 0x738d7b1f2000
mmap(0x738d7b1f3000, 8192, PROT_READ|PROT_WRITE, MAP_PRIVATE|MAP_FIXED|MAP_DENYWRITE, 3, 0x2000) = 0x738d7b1f3000
mmap(NULL, 950296, PROT_READ, MAP_PRIVATE|MAP_DENYWRITE, 3, 0) = 0x738d71917000
mmap(0x738d71927000, 520192, PROT_READ|PROT_EXEC, MAP_PRIVATE|MAP_FIXED|MAP_DENYWRITE, 3, 0x10000) = 0x738d71927000
mmap(0x738d719a6000, 360448, PROT_READ, MAP_PRIVATE|MAP_FIXED|MAP_DENYWRITE, 3, 0x8f000) = 0x738d719a6000
mmap(0x738d719fe000, 8192, PROT_READ|PROT_WRITE, MAP_PRIVATE|MAP_FIXED|MAP_DENYWRITE, 3, 0xe7000) = 0x738d719fe000
mmap(NULL, 16400, PROT_READ, MAP_PRIVATE|MAP_DENYWRITE, 3, 0) = 0x738d7b1eb000
mmap(0x738d7b1ec000, 4096, PROT_READ|PROT_EXEC, MAP_PRIVATE|MAP_FIXED|MAP_DENYWRITE, 3, 0x1000) = 0x738d7b1ec000
mmap(0x738d7b1ed000, 4096, PROT_READ, MAP_PRIVATE|MAP_FIXED|MAP_DENYWRITE, 3, 0x2000) = 0x738d7b1ed000
mmap(0x738d7b1ee000, 8192, PROT_READ|PROT_WRITE, MAP_PRIVATE|MAP_FIXED|MAP_DENYWRITE, 3, 0x2000) = 0x738d7b1ee000
mmap(NULL, 8192, PROT_READ|PROT_WRITE, MAP_PRIVATE|MAP_ANONYMOUS, -1, 0) = 0x738d7b1e9000
mmap(NULL, 12288, PROT_READ|PROT_WRITE, MAP_PRIVATE|MAP_ANONYMOUS, -1, 0) = 0x738d7b1e6000
mprotect(0x738d717ff000, 16384, PROT_READ) = 0
mprotect(0x738d7b1ee000, 4096, PROT_READ) = 0
mprotect(0x738d719fe000, 4096, PROT_READ) = 0
mprotect(0x738d7b1f3000, 4096, PROT_READ) = 0
mprotect(0x738d7b1f8000, 4096, PROT_READ) = 0
mprotect(0x738d7ae27000, 3002368, PROT_READ) = 0
mprotect(0x738d7b20f000, 4096, PROT_READ) = 0
mprotect(0x738d7b213000, 4096, PROT_READ) = 0
mprotect(0x738d7b217000, 4096, PROT_READ) = 0
mprotect(0x5a4527be2000, 4096, PROT_READ) = 0
mprotect(0x738d7b259000, 8192, PROT_READ) = 0
munmap(0x738d7b1fc000, 66015)           = 0
mmap(0x35cae000000, 1073741824, PROT_READ|PROT_WRITE, MAP_PRIVATE|MAP_ANONYMOUS|MAP_NORESERVE, -1, 0) = 0x35cae000000
mmap(NULL, 2368, PROT_READ|PROT_WRITE, MAP_SHARED|MAP_POPULATE, 4, 0) = 0x738d7b20c000
mmap(NULL, 4096, PROT_READ|PROT_WRITE, MAP_SHARED|MAP_POPULATE, 4, 0x10000000) = 0x738d7b20b000
mmap(NULL, 9280, PROT_READ|PROT_WRITE, MAP_SHARED|MAP_POPULATE, 5, 0) = 0x738d7b208000
mmap(NULL, 16384, PROT_READ|PROT_WRITE, MAP_SHARED|MAP_POPULATE, 5, 0x10000000) = 0x738d7b204000
mmap(NULL, 1073745920, PROT_NONE, MAP_PRIVATE|MAP_ANONYMOUS|MAP_STACK, -1, 0) = -1 ENOMEM (Cannot allocate memory)
--- SIGABRT {si_signo=SIGABRT, si_code=SI_TKILL, si_pid=1190474, si_uid=1000} ---
+++ killed by SIGABRT (core dumped) +++
